
> ecommerce@1.0.0 build
> next build

  Γû▓ Next.js 14.2.3
  - Environments: .env.local

   Creating an optimized production build ...
 Γ£ô Compiled successfully
   Linting and checking validity of types ...

./app/dashboard-azzouzi-secure/page.tsx
153:25  Warning: Using `<img>` could result in slower LCP and higher bandwidth. Consider using `<Image />` from `next/image` to automatically optimize images. This may incur additional usage or cost from your provider. See: https://nextjs.org/docs/messages/no-img-element  @next/next/no-img-element

./app/page.tsx
176:17  Warning: Using `<img>` could result in slower LCP and higher bandwidth. Consider using `<Image />` from `next/image` to automatically optimize images. This may incur additional usage or cost from your provider. See: https://nextjs.org/docs/messages/no-img-element  @next/next/no-img-element

info  - Need to disable some ESLint rules? Learn more here: https://nextjs.org/docs/basic-features/eslint#disabling-rules
node.exe : Failed to compile.
At line:1 char:1
+ & "C:\Program Files\nodejs/node.exe" "C:\Program 
Files\nodejs/node_mo ...
+ ~~~~~~~~~~~~~~~~~~~~~~~~~~~~~~~~~~~~~~~~~~~~~~~~~~~~~~~~~~~~~~~~~
~~~~
    + CategoryInfo          : NotSpecified: (Failed to compile.:St 
   ring) [], RemoteException
    + FullyQualifiedErrorId : NativeCommandError
 

./app/products/[id]/page.tsx:94:20
Type error: 'product.originalPrice' is possibly 'undefined'.

[0m [90m 92 |[39m     [36mtypeof[39m 
product[33m.[39moriginalPrice [33m===[39m [32m"number"[39m 
[33m&&[39m product[33m.[39moriginalPrice [33m>[39m 
product[33m.[39mprice[33m;[39m[0m
[0m [90m 93 |[39m   [36mconst[39m discountPct [33m=[39m 
hasOriginalPrice[0m
[0m[31m[1m>[22m[39m[90m 94 |[39m     [33m?[39m 
[33mMath[39m[33m.[39mround(((product[33m.[39moriginalPrice 
[33m-[39m product[33m.[39mprice) [33m/[39m 
product[33m.[39moriginalPrice) [33m*[39m [35m100[39m)[0m
[0m [90m    |[39m                    [31m[1m^[22m[39m[0m
[0m [90m 95 |[39m     [33m:[39m [35m0[39m[33m;[39m[0m
[0m [90m 96 |[39m[0m
[0m [90m 97 |[39m   [36mreturn[39m ([0m
